// Jest Snapshot v1, https://goo.gl/fbAQLP

exports[`Default behavior shows up CLI version information with --version flag 1`] = `"1.8.0-beta.5"`;

exports[`Default behavior shows up CLI version information with -V flag 1`] = `"1.8.0-beta.5"`;

exports[`Default behavior shows up help if no arguments were passed 1`] = `
"
  Usage: mevn <command> [options]

  Options:

    -V, --version     output the version number
    -h, --help        output usage information

  Commands:

    init <appname>    Bootstraps a basic MEVN stack webapp
    codesplit         Lazy load components as required
    generate          To generate model, route, controller and DB config files
    add <plugins...>  Adds a new plugin on the go
    serve             To serve client/server locally
    dockerize         To launch the webapp within a Docker container locally
    deploy            To deploy the webapp to a cloud solution of choice
    info              Prints debugging information about the local environment"
`;

exports[`Default behavior shows up help information with --help flag 1`] = `
"
  Usage: mevn <command> [options]

  Options:

    -V, --version     output the version number
    -h, --help        output usage information

  Commands:

    init <appname>    Bootstraps a basic MEVN stack webapp
    codesplit         Lazy load components as required
    generate          To generate model, route, controller and DB config files
    add <plugins...>  Adds a new plugin on the go
    serve             To serve client/server locally
    dockerize         To launch the webapp within a Docker container locally
    deploy            To deploy the webapp to a cloud solution of choice
    info              Prints debugging information about the local environment"
`;

exports[`Default behavior shows up help information with -h flag 1`] = `
"
  Usage: mevn <command> [options]

  Options:

    -V, --version     output the version number
    -h, --help        output usage information

  Commands:

    init <appname>    Bootstraps a basic MEVN stack webapp
    codesplit         Lazy load components as required
    generate          To generate model, route, controller and DB config files
    add <plugins...>  Adds a new plugin on the go
    serve             To serve client/server locally
    dockerize         To launch the webapp within a Docker container locally
    deploy            To deploy the webapp to a cloud solution of choice
    info              Prints debugging information about the local environment"
`;
